<?xml version="1.0" encoding="UTF-8"?>
<testsuites name="Mocha Tests" time="0.081" tests="28" failures="0">
  <testsuite name="Root Suite" timestamp="2019-07-23T13:28:14" tests="0" failures="0" time="0">
  </testsuite>
  <testsuite name="ContainerProvider" timestamp="2019-07-23T13:28:14" tests="2" file="/Users/cmakara/cmakara/cantrips-home/cantrips-core/src/ContainerProvider.test.js" failures="0" time="0.004">
    <testcase name="ContainerProvider creates container" time="0.002" classname="creates container">
    </testcase>
    <testcase name="ContainerProvider passes args to container" time="0.002" classname="passes args to container">
    </testcase>
  </testsuite>
  <testsuite name="Container" timestamp="2019-07-23T13:28:16" tests="0" file="/Users/cmakara/cmakara/cantrips-home/cantrips-core/src/ContainerProvider.test.js" failures="0" time="0">
  </testsuite>
  <testsuite name="construction" timestamp="2019-07-23T13:28:16" tests="2" file="/Users/cmakara/cmakara/cantrips-home/cantrips-core/src/ContainerProvider.test.js" failures="0" time="0.001">
    <testcase name="Container construction picks environment" time="0" classname="picks environment">
    </testcase>
    <testcase name="Container construction picks volumes" time="0.001" classname="picks volumes">
    </testcase>
  </testsuite>
  <testsuite name="addEnvironmentVariable" timestamp="2019-07-23T13:28:16" tests="1" file="/Users/cmakara/cmakara/cantrips-home/cantrips-core/src/ContainerProvider.test.js" failures="0" time="0.002">
    <testcase name="Container addEnvironmentVariable registers variable in container environment" time="0.002" classname="registers variable in container environment">
    </testcase>
  </testsuite>
  <testsuite name="run" timestamp="2019-07-23T13:28:16" tests="3" file="/Users/cmakara/cmakara/cantrips-home/cantrips-core/src/ContainerProvider.test.js" failures="0" time="0.001">
    <testcase name="Container run uses environment variables in the run command" time="0" classname="uses environment variables in the run command">
    </testcase>
    <testcase name="Container run uses volumes in the run command" time="0.001" classname="uses volumes in the run command">
    </testcase>
    <testcase name="Container run runs given command" time="0" classname="runs given command">
    </testcase>
  </testsuite>
  <testsuite name="GitHandler" timestamp="2019-07-23T13:28:16" tests="0" file="/Users/cmakara/cmakara/cantrips-home/cantrips-core/src/GitHandler.test.js" failures="0" time="0">
  </testsuite>
  <testsuite name="status" timestamp="2019-07-23T13:28:16" tests="2" file="/Users/cmakara/cmakara/cantrips-home/cantrips-core/src/GitHandler.test.js" failures="0" time="0.027999999999999997">
    <testcase name="GitHandler status should give back the uncommited changes" time="0.015" classname="should give back the uncommited changes">
    </testcase>
    <testcase name="GitHandler status should give back empty array if there are no uncommited changes" time="0.013" classname="should give back empty array if there are no uncommited changes">
    </testcase>
  </testsuite>
  <testsuite name="currentBranch" timestamp="2019-07-23T13:28:16" tests="1" file="/Users/cmakara/cmakara/cantrips-home/cantrips-core/src/GitHandler.test.js" failures="0" time="0.012">
    <testcase name="GitHandler currentBranch gives back the current branch name" time="0.012" classname="gives back the current branch name">
    </testcase>
  </testsuite>
  <testsuite name="parameterProvider" timestamp="2019-07-23T13:28:16" tests="1" file="/Users/cmakara/cmakara/cantrips-home/cantrips-core/src/ParameterProvider.test.js" failures="0" time="0.002">
    <testcase name="parameterProvider throws error using in unknown environment" time="0.002" classname="throws error using in unknown environment">
    </testcase>
  </testsuite>
  <testsuite name="core" timestamp="2019-07-23T13:28:16" tests="0" file="/Users/cmakara/cmakara/cantrips-home/cantrips-core/src/ParameterProvider.test.js" failures="0" time="0">
  </testsuite>
  <testsuite name="getParameter" timestamp="2019-07-23T13:28:16" tests="1" file="/Users/cmakara/cmakara/cantrips-home/cantrips-core/src/ParameterProvider.test.js" failures="0" time="0">
    <testcase name="parameterProvider core getParameter throws error on asking for not existing parameter" time="0" classname="throws error on asking for not existing parameter">
    </testcase>
  </testsuite>
  <testsuite name="environments" timestamp="2019-07-23T13:28:16" tests="0" file="/Users/cmakara/cmakara/cantrips-home/cantrips-core/src/ParameterProvider.test.js" failures="0" time="0">
  </testsuite>
  <testsuite name="CircleCI" timestamp="2019-07-23T13:28:16" tests="2" file="/Users/cmakara/cmakara/cantrips-home/cantrips-core/src/ParameterProvider.test.js" failures="0" time="0.001">
    <testcase name="parameterProvider environments CircleCI resolves variables" time="0" classname="resolves variables">
    </testcase>
    <testcase name="parameterProvider environments CircleCI constructs derived values" time="0.001" classname="constructs derived values">
    </testcase>
  </testsuite>
  <testsuite name="TeamCity" timestamp="2019-07-23T13:28:16" tests="8" file="/Users/cmakara/cmakara/cantrips-home/cantrips-core/src/ParameterProvider.test.js" failures="0" time="0.002">
    <testcase name="parameterProvider environments TeamCity resolves branch name" time="0" classname="resolves branch name">
    </testcase>
    <testcase name="parameterProvider environments TeamCity resolves tag" time="0" classname="resolves tag">
    </testcase>
    <testcase name="parameterProvider environments TeamCity resolves build number" time="0.001" classname="resolves build number">
    </testcase>
    <testcase name="parameterProvider environments TeamCity resolves build hash" time="0" classname="resolves build hash">
    </testcase>
    <testcase name="parameterProvider environments TeamCity computes short hash correctly" time="0" classname="computes short hash correctly">
    </testcase>
    <testcase name="parameterProvider environments TeamCity determines release mode correctly" time="0.001" classname="determines release mode correctly">
    </testcase>
    <testcase name="parameterProvider environments TeamCity computes release version correctly" time="0" classname="computes release version correctly">
    </testcase>
    <testcase name="parameterProvider environments TeamCity constructs project name correctly" time="0" classname="constructs project name correctly">
    </testcase>
  </testsuite>
  <testsuite name="processUtils" timestamp="2019-07-23T13:28:16" tests="0" file="/Users/cmakara/cmakara/cantrips-home/cantrips-core/src/Utils/ProcessUtils.test.js" failures="0" time="0">
  </testsuite>
  <testsuite name="runCommandSync" timestamp="2019-07-23T13:28:16" tests="3" file="/Users/cmakara/cmakara/cantrips-home/cantrips-core/src/Utils/ProcessUtils.test.js" failures="0" time="0.026999999999999996">
    <testcase name="processUtils runCommandSync returns the result of the command which was run" time="0.009" classname="returns the result of the command which was run">
    </testcase>
    <testcase name="processUtils runCommandSync returns empty string if the result is empty" time="0.012" classname="returns empty string if the result is empty">
    </testcase>
    <testcase name="processUtils runCommandSync throws error if the command fails" time="0.006" classname="throws error if the command fails">
    </testcase>
  </testsuite>
  <testsuite name="StringUtils" timestamp="2019-07-23T13:28:17" tests="0" file="/Users/cmakara/cmakara/cantrips-home/cantrips-core/src/Utils/StringUtils.test.js" failures="0" time="0">
  </testsuite>
  <testsuite name="normalizeString" timestamp="2019-07-23T13:28:17" tests="2" file="/Users/cmakara/cmakara/cantrips-home/cantrips-core/src/Utils/StringUtils.test.js" failures="0" time="0.001">
    <testcase name="StringUtils normalizeString replaces all / with -" time="0.001" classname="replaces all / with -">
    </testcase>
    <testcase name="StringUtils normalizeString does not change input in other ways" time="0" classname="does not change input in other ways">
    </testcase>
  </testsuite>
</testsuites>